// Jest Snapshot v1, https://goo.gl/fbAQLP

exports[`HHighlight.vue should render component and match snapshot 1`] = `"<mark class=\\"h-highlight\\"></mark>"`;
